#
# Map File for DIWI
#
# This file defines layers used by UMN MapServer.
#
# Author: Just van den Broecke
# $Id:$
#

NAME TOPNL
STATUS ON
# SIZE 600 600
# TODO: make extent match extent of project area
EXTENT -157973.103596 300670.145842 472056.321374 678687.800824
UNITS METERS
SHAPEPATH "data"
IMAGECOLOR 255 255 255
PROJECTION
   "init=epsg:28992"
END

#
# Start of symbol definitions (we're only using a few)
#
SYMBOL
  NAME 'line'
  TYPE ELLIPSE
  POINTS 1 1 END
  FILLED TRUE
END

# raster maps NL as indexed geotiff
LAYER
  NAME "topnl_raster"
  STATUS OFF
  TILEINDEX "topnl.shp"
  TILEITEM "Location"
  TYPE RASTER
END

WEB
    IMAGEPATH "/var/keyworx/webapps/diwi/map/tmp/"
#    IMAGEURL ...
END

# maps NL from Alterra
# http://geodatakich.wur.nl/wmsconnector/com.esri.wms.Esrimap/DIWI_WMS?request=getmap&service=WMS&version=1.1.1&height=320&width=240&format=image/jpeg&styles=&layers=id1,id2,id3,id4,id5,id6,id7,id8,id9,id10,id11,id12&SRS=EPSG:4326&bbox=5,52,5.05,52.05
LAYER
#	GROUP topnl
	NAME topnl_diwiwms
	TYPE RASTER
	STATUS ON
	CONNECTIONTYPE WMS
	CONNECTION "geodatakich.wur.nl/wmsconnector/com.esri.wms.Esrimap/DIWI_WMS?"
	METADATA
		"wms_name" "id1,id2,id3,id4,id5,id6,id7,id8,id9,id10,id11,id12"
		"wms_srs" "EPSG:28992"
		"wms_server_version" "1.1.1"
		"wms_request" "GetMap"
		"wms_format" "image/jpeg"
		"wms_connectiontimeout" "60"
	END
END

# maps NL from Alterra
# http://www.geese.nl/milcon?LAYERS=w&REQUEST=GetMap&SERVICE=WMS&FORMAT=image%2Fpng&HEIGHT=256&VERSION=1.1.1&SRS=EPSG:4326&WIDTH=256&BBOX=4.8,52,5,52.50&TRANSPARENT=FALSE&EXCEPTIONS=application/vnd.ogc.se_inimage
#LAYER
#	GROUP topnl
#	NAME topnl_geese
#	TYPE RASTER
#	STATUS ON
#	CONNECTIONTYPE WMS
#	CONNECTION "http://www.geese.nl/milcon?"
#	METADATA
#		"wms_name" "t250,t50,t25,t10"
#		"wms_srs" "EPSG:28992"
#		"wms_server_version" "1.1.1"
#		"wms_request" "GetMap"
#		"wms_format" "image/png"
#		"wms_connectiontimeout" "60"
#	END
#END

### DIWI ###
# http://test.digitalewichelroede.nl/map/?ID=161&LAYERS=topnl_raster,single_diwi_route&SERVICE=WMS&VERSION=1.1.1&REQUEST=GetMap&STYLES=&EXCEPTIONS=application%2Fvnd.ogc.se_inimage&FORMAT=image%2Fjpeg&SRS=EPSG%3A28992&BBOX=153929.028192%2C459842.063363%2C158851.133074%2C463123.466618&WIDTH=1200&HEIGHT=800

# All routes from PostGIS
LAYER
#	GROUP "Selected"
	NAME "all_diwi_routes"
	CONNECTIONTYPE postgis
	CONNECTION "user=oaseuser password=oase dbname=diwi host=localhost"
	DATA "path from (select id,path from diwi_route) as foo using unique id using SRID=28992"

	DEBUG OFF
	TYPE LINE
	STATUS OFF

	CLASS
	  STYLE
		COLOR 255 0 120
		SYMBOL "line"
		SIZE 3
 	  END
	END
END

# Single routes from PostGIS
LAYER
#	GROUP "Selected"
	NAME "single_diwi_route"
	CONNECTIONTYPE postgis
	CONNECTION "user=oaseuser password=oase dbname=diwi host=localhost"
	DATA "path from (select id,path from diwi_route where id = %ID%) as foo using unique id using SRID=28992"

	DEBUG OFF
	TYPE LINE
	STATUS OFF

	CLASS
	  STYLE
		COLOR 255 0 120
		SYMBOL "line"
		SIZE 3
 	  END
	END
END

END
